presidio@Presidios-MacBook-Pro Day53 (17-07-2025) % az acr create --resource-group Chowdri-rg --name mycontainerregistry --sku Standard --role-assignment-mode 'rbac-abac' --dnl-scope TenantReuse
Argument '--role-assignment-mode' is in preview and under development. Reference and support levels: https://aka.ms/CLI_refstatus
Argument '--dnl-scope' is in preview and under development. Reference and support levels: https://aka.ms/CLI_refstatus
Warning: You have successfully updated the registry authentication mode to enable RBAC Registry + ABAC Repository Permissions. ACR Tasks within the registry that do not have an assigned identity for source registry access will not have data plane access to the registry. To configure source registry data plane access for your existing Tasks, you must explicitly assign an Entra identity for accessing the source registry using the '--source-registry-auth-id' flag in 'az acr task update'. Please refer to https://aka.ms/acr/auth/abac for more details.
(AlreadyInUse) The registry DNS name mycontainerregistry-hwcdakd6fmg0bpbm.azurecr.io is already in use. You can check if the name is already claimed using following API: https://docs.microsoft.com/en-us/rest/api/containerregistry/registries/checknameavailability
Code: AlreadyInUse
Message: The registry DNS name mycontainerregistry-hwcdakd6fmg0bpbm.azurecr.io is already in use. You can check if the name is already claimed using following API: https://docs.microsoft.com/en-us/rest/api/containerregistry/registries/checknameavailability
presidio@Presidios-MacBook-Pro Day53 (17-07-2025) % az acr create --resource-group Chowdri-rg --name reg022 --sku Standard --role-assignment-mode 'rbac-abac' --dnl-scope TenantReuse 
Argument '--role-assignment-mode' is in preview and under development. Reference and support levels: https://aka.ms/CLI_refstatus
Argument '--dnl-scope' is in preview and under development. Reference and support levels: https://aka.ms/CLI_refstatus
Warning: You have successfully updated the registry authentication mode to enable RBAC Registry + ABAC Repository Permissions. ACR Tasks within the registry that do not have an assigned identity for source registry access will not have data plane access to the registry. To configure source registry data plane access for your existing Tasks, you must explicitly assign an Entra identity for accessing the source registry using the '--source-registry-auth-id' flag in 'az acr task update'. Please refer to https://aka.ms/acr/auth/abac for more details.
{
  "adminUserEnabled": false,
  "anonymousPullEnabled": false,
  "autoGeneratedDomainNameLabelScope": "TenantReuse",
  "creationDate": "2025-07-17T05:01:29.774217+00:00",
  "dataEndpointEnabled": false,
  "dataEndpointHostNames": [],
  "encryption": {
    "keyVaultProperties": null,
    "status": "disabled"
  },
  "id": "/subscriptions/e34397b2-486a-417d-bd5a-b9113a4a1b0c/resourceGroups/Chowdri-rg/providers/Microsoft.ContainerRegistry/registries/reg022",
  "identity": null,
  "location": "eastus",
  "loginServer": "reg022-azcce9ebdtb5hsg3.azurecr.io",
  "metadataSearch": "Disabled",
  "name": "reg022",
  "networkRuleBypassOptions": "AzureServices",
  "networkRuleSet": null,
  "policies": {
    "azureAdAuthenticationAsArmPolicy": {
      "status": "enabled"
    },
    "exportPolicy": {
      "status": "enabled"
    },
    "quarantinePolicy": {
      "status": "disabled"
    },
    "retentionPolicy": {
      "days": 7,
      "lastUpdatedTime": "2025-07-17T05:01:36.384785+00:00",
      "status": "disabled"
    },
    "softDeletePolicy": {
      "lastUpdatedTime": "2025-07-17T05:01:36.384838+00:00",
      "retentionDays": 7,
      "status": "disabled"
    },
    "trustPolicy": {
      "status": "disabled",
      "type": "Notary"
    }
  },
  "privateEndpointConnections": [],
  "provisioningState": "Succeeded",
  "publicNetworkAccess": "Enabled",
  "resourceGroup": "Chowdri-rg",
  "roleAssignmentMode": "AbacRepositoryPermissions",
  "sku": {
    "name": "Standard",
    "tier": "Standard"
  },
  "status": null,
  "systemData": {
    "createdAt": "2025-07-17T05:01:29.774217+00:00",
    "createdBy": "chowdris@presidio.com",
    "createdByType": "User",
    "lastModifiedAt": "2025-07-17T05:01:29.774217+00:00",
    "lastModifiedBy": "chowdris@presidio.com",
    "lastModifiedByType": "User"
  },
  "tags": {
    "Backup": "True"
  },
  "type": "Microsoft.ContainerRegistry/registries",
  "zoneRedundancy": "Disabled"
}
presidio@Presidios-MacBook-Pro Day53 (17-07-2025) % az acr login --name reg022
Login Succeeded
presidio@Presidios-MacBook-Pro Day53 (17-07-2025) % docker pull mcr.microsoft.com/hello-world
Using default tag: latest
latest: Pulling from hello-world
1b930d010525: Pull complete 
Digest: sha256:92c7f9c92844bbbb5d0a101b22f7c2a7949e40f8ea90c8b3bc396879d95e899a
Status: Downloaded newer image for mcr.microsoft.com/hello-world:latest
mcr.microsoft.com/hello-world:latest
presidio@Presidios-MacBook-Pro Day53 (17-07-2025) % docker tag mcr.microsoft.com/hello-world reg022.azurecr.io/hello-world:v1
presidio@Presidios-MacBook-Pro Day53 (17-07-2025) % docker push reg022.azurecr.io/hello-world:v1
The push refers to repository [reg022.azurecr.io/hello-world]
1b930d010525: Waiting 
failed to do request: Head "https://reg022.azurecr.io/v2/hello-world/blobs/sha256:1b930d010525941c1d56ec53b97bd057a67ae1865eebf042686d2a2d18271ced": dialing reg022.azurecr.io:443 container via direct connection because  has no HTTPS proxy: connecting to reg022.azurecr.io:443: dial tcp: lookup reg022.azurecr.io: no such host
presidio@Presidios-MacBook-Pro Day53 (17-07-2025) % docker tag mcr.microsoft.com/hello-world reg022-azcce9ebdtb5hsg3.azurecr.io/hello-world:v1

presidio@Presidios-MacBook-Pro Day53 (17-07-2025) % docker push reg022-azcce9ebdtb5hsg3.azurecr.io/hello-world:v1
The push refers to repository [reg022-azcce9ebdtb5hsg3.azurecr.io/hello-world]
1b930d010525: Waiting 
push access denied, repository does not exist or may require authorization: server message: insufficient_scope: authorization failed
presidio@Presidios-MacBook-Pro Day53 (17-07-2025) % az role assignment create \
  --assignee $(az ad signed-in-user show --query id -o tsv) \
  --role AcrPush \
  --scope $(az acr show --name reg022 --query id -o tsv)

{
  "condition": null,
  "conditionVersion": null,
  "createdBy": null,
  "createdOn": "2025-07-17T05:08:47.103223+00:00",
  "delegatedManagedIdentityResourceId": null,
  "description": null,
  "id": "/subscriptions/e34397b2-486a-417d-bd5a-b9113a4a1b0c/resourceGroups/Chowdri-rg/providers/Microsoft.ContainerRegistry/registries/reg022/providers/Microsoft.Authorization/roleAssignments/972dc455-5e29-4e2d-86bd-daa6f42f1f45",
  "name": "972dc455-5e29-4e2d-86bd-daa6f42f1f45",
  "principalId": "1bfb9953-8688-4f8a-9553-55089417269d",
  "principalType": "User",
  "resourceGroup": "Chowdri-rg",
  "roleDefinitionId": "/subscriptions/e34397b2-486a-417d-bd5a-b9113a4a1b0c/providers/Microsoft.Authorization/roleDefinitions/8311e382-0749-4cb8-b61a-304f252e45ec",
  "scope": "/subscriptions/e34397b2-486a-417d-bd5a-b9113a4a1b0c/resourceGroups/Chowdri-rg/providers/Microsoft.ContainerRegistry/registries/reg022",
  "type": "Microsoft.Authorization/roleAssignments",
  "updatedBy": "1bfb9953-8688-4f8a-9553-55089417269d",
  "updatedOn": "2025-07-17T05:08:47.298230+00:00"
}
presidio@Presidios-MacBook-Pro Day53 (17-07-2025) % docker push reg022-azcce9ebdtb5hsg3.azurecr.io/hello-world:v1                                                                    
The push refers to repository [reg022-azcce9ebdtb5hsg3.azurecr.io/hello-world]
1b930d010525: Waiting 
push access denied, repository does not exist or may require authorization: server message: insufficient_scope: authorization failed
presidio@Presidios-MacBook-Pro Day53 (17-07-2025) % az acr login --name reg022                                   
Login Succeeded
presidio@Presidios-MacBook-Pro Day53 (17-07-2025) % docker push reg022-azcce9ebdtb5hsg3.azurecr.io/hello-world:v1
The push refers to repository [reg022-azcce9ebdtb5hsg3.azurecr.io/hello-world]
1b930d010525: Waiting 
push access denied, repository does not exist or may require authorization: server message: insufficient_scope: authorization failed
presidio@Presidios-MacBook-Pro Day53 (17-07-2025) % az acr update --name reg022 --admin-enabled true
{
  "adminUserEnabled": true,
  "anonymousPullEnabled": false,
  "autoGeneratedDomainNameLabelScope": "TenantReuse",
  "creationDate": "2025-07-17T05:01:29.774217+00:00",
  "dataEndpointEnabled": false,
  "dataEndpointHostNames": [],
  "encryption": {
    "keyVaultProperties": null,
    "status": "disabled"
  },
  "id": "/subscriptions/e34397b2-486a-417d-bd5a-b9113a4a1b0c/resourceGroups/Chowdri-rg/providers/Microsoft.ContainerRegistry/registries/reg022",
  "identity": null,
  "location": "eastus",
  "loginServer": "reg022-azcce9ebdtb5hsg3.azurecr.io",
  "metadataSearch": "Disabled",
  "name": "reg022",
  "networkRuleBypassOptions": "AzureServices",
  "networkRuleSet": null,
  "policies": {
    "azureAdAuthenticationAsArmPolicy": {
      "status": "enabled"
    },
    "exportPolicy": {
      "status": "enabled"
    },
    "quarantinePolicy": {
      "status": "disabled"
    },
    "retentionPolicy": {
      "days": 7,
      "lastUpdatedTime": "2025-07-17T05:01:36.384785+00:00",
      "status": "disabled"
    },
    "softDeletePolicy": {
      "lastUpdatedTime": "2025-07-17T05:01:36.384838+00:00",
      "retentionDays": 7,
      "status": "disabled"
    },
    "trustPolicy": {
      "status": "disabled",
      "type": "Notary"
    }
  },
  "privateEndpointConnections": [],
  "provisioningState": "Succeeded",
  "publicNetworkAccess": "Enabled",
  "resourceGroup": "Chowdri-rg",
  "roleAssignmentMode": "AbacRepositoryPermissions",
  "sku": {
    "name": "Standard",
    "tier": "Standard"
  },
  "status": null,
  "systemData": {
    "createdAt": "2025-07-17T05:01:29.774217+00:00",
    "createdBy": "chowdris@presidio.com",
    "createdByType": "User",
    "lastModifiedAt": "2025-07-17T05:13:04.281144+00:00",
    "lastModifiedBy": "chowdris@presidio.com",
    "lastModifiedByType": "User"
  },
  "tags": {
    "Backup": "True"
  },
  "type": "Microsoft.ContainerRegistry/registries",
  "zoneRedundancy": "Disabled"
}
presidio@Presidios-MacBook-Pro Day53 (17-07-2025) % az acr credential show --name reg022
{
  "passwords": [
    {
      "name": "password",
      "value": "LRvdZjW6TjfRKp8nlIjvyS27zxdHIZK4nBoCjheP0R+ACRCWHNZo"
    },
    {
      "name": "password2",
      "value": "qP6DGyOPbCI+6RrwtNZzv04on2jwxZDK93FNVhILGV+ACRCure9K"
    }
  ],
  "username": "reg022"
}
presidio@Presidios-MacBook-Pro Day53 (17-07-2025) % docker login reg022-azcce9ebdtb5hsg3.azurecr.io -u reg022 -p LRvdZjW6TjfRKp8nlIjvyS27zxdHIZK4nBoCjheP0R+ACRCWHNZo
WARNING! Using --password via the CLI is insecure. Use --password-stdin.
Login Succeeded
presidio@Presidios-MacBook-Pro Day53 (17-07-2025) % docker push reg022-azcce9ebdtb5hsg3.azurecr.io/hello-world:v1
The push refers to repository [reg022-azcce9ebdtb5hsg3.azurecr.io/hello-world]
1b930d010525: Pushed 
v1: digest: sha256:92c7f9c92844bbbb5d0a101b22f7c2a7949e40f8ea90c8b3bc396879d95e899a size: 524
presidio@Presidios-MacBook-Pro Day53 (17-07-2025) % docker images
REPOSITORY                                       TAG       IMAGE ID       CREATED        SIZE
chowdrisakthivel/docker_api_image                latest    b7e1282f713f   8 days ago     324MB
docker-vm-api-task-image                         latest    b7e1282f713f   8 days ago     324MB
node-mongo-image                                 latest    4f291999c836   10 days ago    295MB
task4-web                                        latest    f92410a8508a   12 days ago    79.3MB
task4-api                                        latest    a3e25b09f447   12 days ago    251MB
task3                                            latest    c022ece51f57   12 days ago    79.5MB
task1                                            latest    b47f7ae07ca3   12 days ago    230MB
payment-imgae                                    latest    db2d542a13b5   12 days ago    2.52GB
web                                              latest    42bdaaae7ef3   13 days ago    79.3MB
api                                              latest    39ba4d8f27df   13 days ago    207MB
https-in-dotnet                                  latest    8a727c882c9e   13 days ago    359MB
eventbookingapi-frontend                         latest    8ef346dd346d   2 weeks ago    3.16GB
angular-frontend                                 latest    6b2f4707ae0a   2 weeks ago    3.16GB
eventbookingapi-app                              latest    922f711717c9   2 weeks ago    348MB
dotnet-project                                   latest    8acfcb8ee1bf   2 weeks ago    348MB
live-code                                        latest    eb060976bf8b   2 weeks ago    1.62GB
chowdrisakthivel/practice_dockerfile             latest    9d181dfac880   2 weeks ago    614MB
my-debian-node-app                               latest    9d181dfac880   2 weeks ago    614MB
mongo                                            latest    5941949d3887   2 weeks ago    1.21GB
nginx                                            latest    dc53c8f25a10   3 weeks ago    279MB
nginx                                            latest    93230cd54060   3 weeks ago    279MB
nginx                                            alpine    b2e814d28359   3 weeks ago    79.2MB
postgres                                         15        b77bf42292af   5 weeks ago    608MB
httpd                                            alpine    cc34b8bdde6e   6 weeks ago    93.1MB
alpine                                           latest    8a1f59ffb675   6 weeks ago    12.8MB
mysql                                            latest    f1049ce35b39   3 months ago   1.17GB
httpd                                            latest    1ae8051591a5   5 months ago   221MB
dockersamples/visualizer                         latest    530c863672e7   4 years ago    332MB
reg022.azurecr.io/hello-world                    v1        92c7f9c92844   6 years ago    11.2kB
mcr.microsoft.com/hello-world                    latest    92c7f9c92844   6 years ago    11.2kB
reg022-azcce9ebdtb5hsg3.azurecr.io/hello-world   v1        92c7f9c92844   6 years ago    11.2kB
presidio@Presidios-MacBook-Pro Day53 (17-07-2025) % docker rmi 92c7f9c92844
Error response from daemon: conflict: unable to delete 92c7f9c92844 (must be forced) - image is referenced in multiple repositories
presidio@Presidios-MacBook-Pro Day53 (17-07-2025) % docker rmi reg022-azcce9ebdtb5hsg3.azurecr.io/hello-world
Error response from daemon: No such image: reg022-azcce9ebdtb5hsg3.azurecr.io/hello-world:latest
presidio@Presidios-MacBook-Pro Day53 (17-07-2025) % docker images
REPOSITORY                                       TAG       IMAGE ID       CREATED        SIZE
chowdrisakthivel/docker_api_image                latest    b7e1282f713f   8 days ago     324MB
docker-vm-api-task-image                         latest    b7e1282f713f   8 days ago     324MB
node-mongo-image                                 latest    4f291999c836   10 days ago    295MB
task4-web                                        latest    f92410a8508a   12 days ago    79.3MB
task4-api                                        latest    a3e25b09f447   12 days ago    251MB
task3                                            latest    c022ece51f57   12 days ago    79.5MB
task1                                            latest    b47f7ae07ca3   12 days ago    230MB
payment-imgae                                    latest    db2d542a13b5   13 days ago    2.52GB
web                                              latest    42bdaaae7ef3   13 days ago    79.3MB
api                                              latest    39ba4d8f27df   13 days ago    207MB
https-in-dotnet                                  latest    8a727c882c9e   13 days ago    359MB
eventbookingapi-frontend                         latest    8ef346dd346d   2 weeks ago    3.16GB
angular-frontend                                 latest    6b2f4707ae0a   2 weeks ago    3.16GB
eventbookingapi-app                              latest    922f711717c9   2 weeks ago    348MB
dotnet-project                                   latest    8acfcb8ee1bf   2 weeks ago    348MB
live-code                                        latest    eb060976bf8b   2 weeks ago    1.62GB
chowdrisakthivel/practice_dockerfile             latest    9d181dfac880   2 weeks ago    614MB
my-debian-node-app                               latest    9d181dfac880   2 weeks ago    614MB
mongo                                            latest    5941949d3887   2 weeks ago    1.21GB
nginx                                            alpine    b2e814d28359   3 weeks ago    79.2MB
nginx                                            latest    93230cd54060   3 weeks ago    279MB
nginx                                            latest    dc53c8f25a10   3 weeks ago    279MB
postgres                                         15        b77bf42292af   5 weeks ago    608MB
httpd                                            alpine    cc34b8bdde6e   6 weeks ago    93.1MB
alpine                                           latest    8a1f59ffb675   6 weeks ago    12.8MB
mysql                                            latest    f1049ce35b39   3 months ago   1.17GB
httpd                                            latest    1ae8051591a5   5 months ago   221MB
dockersamples/visualizer                         latest    530c863672e7   4 years ago    332MB
reg022.azurecr.io/hello-world                    v1        92c7f9c92844   6 years ago    11.2kB
mcr.microsoft.com/hello-world                    latest    92c7f9c92844   6 years ago    11.2kB
reg022-azcce9ebdtb5hsg3.azurecr.io/hello-world   v1        92c7f9c92844   6 years ago    11.2kB
presidio@Presidios-MacBook-Pro Day53 (17-07-2025) % docker rmi reg022-azcce9ebdtb5hsg3.azurecr.io/hello-world:v1
Untagged: reg022-azcce9ebdtb5hsg3.azurecr.io/hello-world:v1
presidio@Presidios-MacBook-Pro Day53 (17-07-2025) % docker images
REPOSITORY                             TAG       IMAGE ID       CREATED        SIZE
chowdrisakthivel/docker_api_image      latest    b7e1282f713f   8 days ago     324MB
docker-vm-api-task-image               latest    b7e1282f713f   8 days ago     324MB
node-mongo-image                       latest    4f291999c836   10 days ago    295MB
task4-web                              latest    f92410a8508a   12 days ago    79.3MB
task4-api                              latest    a3e25b09f447   12 days ago    251MB
task3                                  latest    c022ece51f57   12 days ago    79.5MB
task1                                  latest    b47f7ae07ca3   12 days ago    230MB
payment-imgae                          latest    db2d542a13b5   13 days ago    2.52GB
web                                    latest    42bdaaae7ef3   13 days ago    79.3MB
api                                    latest    39ba4d8f27df   13 days ago    207MB
https-in-dotnet                        latest    8a727c882c9e   13 days ago    359MB
eventbookingapi-frontend               latest    8ef346dd346d   2 weeks ago    3.16GB
angular-frontend                       latest    6b2f4707ae0a   2 weeks ago    3.16GB
eventbookingapi-app                    latest    922f711717c9   2 weeks ago    348MB
dotnet-project                         latest    8acfcb8ee1bf   2 weeks ago    348MB
live-code                              latest    eb060976bf8b   2 weeks ago    1.62GB
my-debian-node-app                     latest    9d181dfac880   2 weeks ago    614MB
chowdrisakthivel/practice_dockerfile   latest    9d181dfac880   2 weeks ago    614MB
mongo                                  latest    5941949d3887   2 weeks ago    1.21GB
nginx                                  alpine    b2e814d28359   3 weeks ago    79.2MB
nginx                                  latest    93230cd54060   3 weeks ago    279MB
nginx                                  latest    dc53c8f25a10   3 weeks ago    279MB
postgres                               15        b77bf42292af   5 weeks ago    608MB
httpd                                  alpine    cc34b8bdde6e   6 weeks ago    93.1MB
alpine                                 latest    8a1f59ffb675   6 weeks ago    12.8MB
mysql                                  latest    f1049ce35b39   3 months ago   1.17GB
httpd                                  latest    1ae8051591a5   5 months ago   221MB
dockersamples/visualizer               latest    530c863672e7   4 years ago    332MB
reg022.azurecr.io/hello-world          v1        92c7f9c92844   6 years ago    11.2kB
mcr.microsoft.com/hello-world          latest    92c7f9c92844   6 years ago    11.2kB
presidio@Presidios-MacBook-Pro Day53 (17-07-2025) % docker pull reg022-azcce9ebdtb5hsg3.azurecr.io/hello-world:v1
v1: Pulling from hello-world
Digest: sha256:92c7f9c92844bbbb5d0a101b22f7c2a7949e40f8ea90c8b3bc396879d95e899a
Status: Downloaded newer image for reg022-azcce9ebdtb5hsg3.azurecr.io/hello-world:v1
reg022-azcce9ebdtb5hsg3.azurecr.io/hello-world:v1
presidio@Presidios-MacBook-Pro Day53 (17-07-2025) % docker images
REPOSITORY                                       TAG       IMAGE ID       CREATED        SIZE
docker-vm-api-task-image                         latest    b7e1282f713f   8 days ago     324MB
chowdrisakthivel/docker_api_image                latest    b7e1282f713f   8 days ago     324MB
node-mongo-image                                 latest    4f291999c836   10 days ago    295MB
task4-web                                        latest    f92410a8508a   12 days ago    79.3MB
task4-api                                        latest    a3e25b09f447   12 days ago    251MB
task3                                            latest    c022ece51f57   12 days ago    79.5MB
task1                                            latest    b47f7ae07ca3   12 days ago    230MB
payment-imgae                                    latest    db2d542a13b5   13 days ago    2.52GB
web                                              latest    42bdaaae7ef3   13 days ago    79.3MB
api                                              latest    39ba4d8f27df   13 days ago    207MB
https-in-dotnet                                  latest    8a727c882c9e   13 days ago    359MB
eventbookingapi-frontend                         latest    8ef346dd346d   2 weeks ago    3.16GB
angular-frontend                                 latest    6b2f4707ae0a   2 weeks ago    3.16GB
eventbookingapi-app                              latest    922f711717c9   2 weeks ago    348MB
dotnet-project                                   latest    8acfcb8ee1bf   2 weeks ago    348MB
live-code                                        latest    eb060976bf8b   2 weeks ago    1.62GB
chowdrisakthivel/practice_dockerfile             latest    9d181dfac880   2 weeks ago    614MB
my-debian-node-app                               latest    9d181dfac880   2 weeks ago    614MB
mongo                                            latest    5941949d3887   2 weeks ago    1.21GB
nginx                                            alpine    b2e814d28359   3 weeks ago    79.2MB
nginx                                            latest    93230cd54060   3 weeks ago    279MB
nginx                                            latest    dc53c8f25a10   3 weeks ago    279MB
postgres                                         15        b77bf42292af   5 weeks ago    608MB
httpd                                            alpine    cc34b8bdde6e   6 weeks ago    93.1MB
alpine                                           latest    8a1f59ffb675   6 weeks ago    12.8MB
mysql                                            latest    f1049ce35b39   3 months ago   1.17GB
httpd                                            latest    1ae8051591a5   5 months ago   221MB
dockersamples/visualizer                         latest    530c863672e7   4 years ago    332MB
mcr.microsoft.com/hello-world                    latest    92c7f9c92844   6 years ago    11.2kB
reg022-azcce9ebdtb5hsg3.azurecr.io/hello-world   v1        92c7f9c92844   6 years ago    11.2kB
reg022.azurecr.io/hello-world                    v1        92c7f9c92844   6 years ago    11.2kB
presidio@Presidios-MacBook-Pro Day53 (17-07-2025) % docker run reg022-azcce9ebdtb5hsg3.azurecr.io/hello-world
Unable to find image 'reg022-azcce9ebdtb5hsg3.azurecr.io/hello-world:latest' locally
docker: Error response from daemon: failed to resolve reference "reg022-azcce9ebdtb5hsg3.azurecr.io/hello-world:latest": reg022-azcce9ebdtb5hsg3.azurecr.io/hello-world:latest: not found

Run 'docker run --help' for more information
presidio@Presidios-MacBook-Pro Day53 (17-07-2025) % docker run reg022-azcce9ebdtb5hsg3.azurecr.io/hello-world:v1

Hello from Docker!
This message shows that your installation appears to be working correctly.

To generate this message, Docker took the following steps:
 1. The Docker client contacted the Docker daemon.
 2. The Docker daemon pulled the "hello-world" image from the Docker Hub.
    (amd64)
 3. The Docker daemon created a new container from that image which runs the
    executable that produces the output you are currently reading.
 4. The Docker daemon streamed that output to the Docker client, which sent it
    to your terminal.

To try something more ambitious, you can run an Ubuntu container with:
 $ docker run -it ubuntu bash

Share images, automate workflows, and more with a free Docker ID:
 https://hub.docker.com/

For more examples and ideas, visit:
 https://docs.docker.com/get-started/

presidio@Presidios-MacBook-Pro Day53 (17-07-2025) % 