presidio@Presidios-MacBook-Pro docker-api-vm-task % ssh -i docker-api-vm_key.pem azureuser@20.55.100.115
Warning: Identity file docker-api-vm_key.pem not accessible: No such file or directory.
The authenticity of host '20.55.100.115 (20.55.100.115)' can't be established.
ED25519 key fingerprint is SHA256:/Ps0XoWxFYAnL5EgtWd279DfVcIPFrrynKnEbNYjIl8.
This key is not known by any other names.
Are you sure you want to continue connecting (yes/no/[fingerprint])? n
Please type 'yes', 'no' or the fingerprint: no
Host key verification failed.
presidio@Presidios-MacBook-Pro docker-api-vm-task % ls
Dockerfile                      appsettings.Development.json    docker-api-vm-task.csproj
Program.cs                      appsettings.json                docker-api-vm-task.http
Properties                      bin                             obj
presidio@Presidios-MacBook-Pro docker-api-vm-task % ls
Dockerfile                      appsettings.Development.json    docker-api-vm-task.csproj       obj
Program.cs                      appsettings.json                docker-api-vm-task.http
Properties                      bin                             docker-api-vm_key.pem
presidio@Presidios-MacBook-Pro docker-api-vm-task % chmod 400 docker-api-vm_key.pem 
presidio@Presidios-MacBook-Pro docker-api-vm-task % ssh -i docker-api-vm_key.pem azureuser@20.55.100.115
The authenticity of host '20.55.100.115 (20.55.100.115)' can't be established.
ED25519 key fingerprint is SHA256:/Ps0XoWxFYAnL5EgtWd279DfVcIPFrrynKnEbNYjIl8.
This key is not known by any other names.
Are you sure you want to continue connecting (yes/no/[fingerprint])? yes
Warning: Permanently added '20.55.100.115' (ED25519) to the list of known hosts.
Welcome to Ubuntu 24.04.2 LTS (GNU/Linux 6.11.0-1017-azure x86_64)

 * Documentation:  https://help.ubuntu.com
 * Management:     https://landscape.canonical.com
 * Support:        https://ubuntu.com/pro

 System information as of Wed Jul  9 04:51:20 UTC 2025

  System load:  0.0               Processes:             134
  Usage of /:   5.5% of 28.02GB   Users logged in:       0
  Memory usage: 7%                IPv4 address for eth0: 10.4.0.4
  Swap usage:   0%

Expanded Security Maintenance for Applications is not enabled.

0 updates can be applied immediately.

Enable ESM Apps to receive additional future security updates.
See https://ubuntu.com/esm or run: sudo pro status


The list of available updates is more than a week old.
To check for new updates run: sudo apt update


The programs included with the Ubuntu system are free software;
the exact distribution terms for each program are described in the
individual files in /usr/share/doc/*/copyright.

Ubuntu comes with ABSOLUTELY NO WARRANTY, to the extent permitted by
applicable law.

To run a command as administrator (user "root"), use "sudo <command>".
See "man sudo_root" for details.

azureuser@docker-api-vm:~$ sudo apt update
Hit:1 http://azure.archive.ubuntu.com/ubuntu noble InRelease
Get:2 http://azure.archive.ubuntu.com/ubuntu noble-updates InRelease [126 kB]
Get:3 http://azure.archive.ubuntu.com/ubuntu noble-backports InRelease [126 kB]
Get:4 http://azure.archive.ubuntu.com/ubuntu noble-security InRelease [126 kB]
Get:5 http://azure.archive.ubuntu.com/ubuntu noble/universe amd64 Packages [15.0 MB]
Get:6 http://azure.archive.ubuntu.com/ubuntu noble/universe Translation-en [5982 kB]
Get:7 http://azure.archive.ubuntu.com/ubuntu noble/universe amd64 Components [3871 kB]
Get:8 http://azure.archive.ubuntu.com/ubuntu noble/universe amd64 c-n-f Metadata [301 kB]
Get:9 http://azure.archive.ubuntu.com/ubuntu noble/multiverse amd64 Packages [269 kB]
Get:10 http://azure.archive.ubuntu.com/ubuntu noble/multiverse Translation-en [118 kB]
Get:11 http://azure.archive.ubuntu.com/ubuntu noble/multiverse amd64 Components [35.0 kB]
Get:12 http://azure.archive.ubuntu.com/ubuntu noble/multiverse amd64 c-n-f Metadata [8328 B]
Get:13 http://azure.archive.ubuntu.com/ubuntu noble-updates/main amd64 Packages [1234 kB]
Get:14 http://azure.archive.ubuntu.com/ubuntu noble-updates/main Translation-en [252 kB]
Get:15 http://azure.archive.ubuntu.com/ubuntu noble-updates/main amd64 Components [162 kB]
Get:16 http://azure.archive.ubuntu.com/ubuntu noble-updates/universe amd64 Packages [1104 kB]
Get:17 http://azure.archive.ubuntu.com/ubuntu noble-updates/universe Translation-en [281 kB]
Get:18 http://azure.archive.ubuntu.com/ubuntu noble-updates/universe amd64 Components [377 kB]
Get:19 http://azure.archive.ubuntu.com/ubuntu noble-updates/universe amd64 c-n-f Metadata [26.0 kB]
Get:20 http://azure.archive.ubuntu.com/ubuntu noble-updates/restricted amd64 Packages [1412 kB]
Get:21 http://azure.archive.ubuntu.com/ubuntu noble-updates/restricted Translation-en [302 kB]
Get:22 http://azure.archive.ubuntu.com/ubuntu noble-updates/restricted amd64 Components [212 B]
Get:23 http://azure.archive.ubuntu.com/ubuntu noble-updates/multiverse amd64 Packages [22.8 kB]
Get:24 http://azure.archive.ubuntu.com/ubuntu noble-updates/multiverse Translation-en [5456 B]
Get:25 http://azure.archive.ubuntu.com/ubuntu noble-updates/multiverse amd64 Components [940 B]
Get:26 http://azure.archive.ubuntu.com/ubuntu noble-updates/multiverse amd64 c-n-f Metadata [592 B]
Get:27 http://azure.archive.ubuntu.com/ubuntu noble-backports/main amd64 Packages [63.1 kB]
Get:28 http://azure.archive.ubuntu.com/ubuntu noble-backports/main Translation-en [9152 B]
Get:29 http://azure.archive.ubuntu.com/ubuntu noble-backports/main amd64 Components [7084 B]
Get:30 http://azure.archive.ubuntu.com/ubuntu noble-backports/main amd64 c-n-f Metadata [272 B]
Get:31 http://azure.archive.ubuntu.com/ubuntu noble-backports/universe amd64 Packages [31.4 kB]
Get:32 http://azure.archive.ubuntu.com/ubuntu noble-backports/universe Translation-en [17.1 kB]
Get:33 http://azure.archive.ubuntu.com/ubuntu noble-backports/universe amd64 Components [28.3 kB]
Get:34 http://azure.archive.ubuntu.com/ubuntu noble-backports/universe amd64 c-n-f Metadata [1304 B]
Get:35 http://azure.archive.ubuntu.com/ubuntu noble-backports/restricted amd64 Components [216 B]
Get:36 http://azure.archive.ubuntu.com/ubuntu noble-backports/restricted amd64 c-n-f Metadata [116 B]
Get:37 http://azure.archive.ubuntu.com/ubuntu noble-backports/multiverse amd64 Components [212 B]
Get:38 http://azure.archive.ubuntu.com/ubuntu noble-backports/multiverse amd64 c-n-f Metadata [116 B]
Get:39 http://azure.archive.ubuntu.com/ubuntu noble-security/main amd64 Packages [983 kB]
Get:40 http://azure.archive.ubuntu.com/ubuntu noble-security/main Translation-en [174 kB]
Get:41 http://azure.archive.ubuntu.com/ubuntu noble-security/main amd64 Components [21.6 kB]
Get:42 http://azure.archive.ubuntu.com/ubuntu noble-security/universe amd64 Packages [869 kB]
Get:43 http://azure.archive.ubuntu.com/ubuntu noble-security/universe Translation-en [191 kB]
Get:44 http://azure.archive.ubuntu.com/ubuntu noble-security/universe amd64 Components [52.3 kB]
Get:45 http://azure.archive.ubuntu.com/ubuntu noble-security/universe amd64 c-n-f Metadata [17.0 kB]
Get:46 http://azure.archive.ubuntu.com/ubuntu noble-security/restricted amd64 Packages [1368 kB]
Get:47 http://azure.archive.ubuntu.com/ubuntu noble-security/restricted Translation-en [292 kB]
Get:48 http://azure.archive.ubuntu.com/ubuntu noble-security/restricted amd64 Components [212 B]
Get:49 http://azure.archive.ubuntu.com/ubuntu noble-security/multiverse amd64 Packages [18.5 kB]
Get:50 http://azure.archive.ubuntu.com/ubuntu noble-security/multiverse Translation-en [4288 B]
Get:51 http://azure.archive.ubuntu.com/ubuntu noble-security/multiverse amd64 Components [212 B]
Get:52 http://azure.archive.ubuntu.com/ubuntu noble-security/multiverse amd64 c-n-f Metadata [380 B]
Fetched 35.3 MB in 4s (8790 kB/s)                          
Reading package lists... Done
Building dependency tree... Done
Reading state information... Done
34 packages can be upgraded. Run 'apt list --upgradable' to see them.
azureuser@docker-api-vm:~$ sudo apt upgrade -y
Reading package lists... Done
Building dependency tree... Done
Reading state information... Done
Calculating upgrade... Done
The following NEW packages will be installed:
  linux-azure-6.11-cloud-tools-6.11.0-1018 linux-azure-6.11-headers-6.11.0-1018 linux-azure-6.11-tools-6.11.0-1018 linux-cloud-tools-6.11.0-1018-azure
  linux-headers-6.11.0-1018-azure linux-image-6.11.0-1018-azure linux-modules-6.11.0-1018-azure linux-tools-6.11.0-1018-azure
The following upgrades have been deferred due to phasing:
  bsdextrautils bsdutils eject fdisk libblkid1 libfdisk1 libmount1 libsmartcols1 libuuid1 mount ubuntu-pro-client ubuntu-pro-client-l10n util-linux
  uuid-runtime
The following packages will be upgraded:
  dirmngr git git-man gnupg gnupg-l10n gnupg-utils gpg gpg-agent gpg-wks-client gpgconf gpgsm gpgv gzip keyboxd libssh-4 linux-azure
  linux-cloud-tools-azure linux-headers-azure linux-image-azure linux-tools-azure
20 upgraded, 8 newly installed, 0 to remove and 14 not upgraded.
19 standard LTS security updates
Need to get 78.3 MB of archives.
After this operation, 180 MB of additional disk space will be used.
Get:1 http://azure.archive.ubuntu.com/ubuntu noble-updates/main amd64 gzip amd64 1.12-1ubuntu3.1 [99.0 kB]
Get:2 http://azure.archive.ubuntu.com/ubuntu noble-updates/main amd64 gpg-wks-client amd64 2.4.4-2ubuntu17.3 [70.9 kB]
Get:3 http://azure.archive.ubuntu.com/ubuntu noble-updates/main amd64 dirmngr amd64 2.4.4-2ubuntu17.3 [323 kB]
Get:4 http://azure.archive.ubuntu.com/ubuntu noble-updates/main amd64 gpgsm amd64 2.4.4-2ubuntu17.3 [232 kB]
Get:5 http://azure.archive.ubuntu.com/ubuntu noble-updates/main amd64 gnupg-utils amd64 2.4.4-2ubuntu17.3 [109 kB]
Get:6 http://azure.archive.ubuntu.com/ubuntu noble-updates/main amd64 gpg-agent amd64 2.4.4-2ubuntu17.3 [227 kB]
Get:7 http://azure.archive.ubuntu.com/ubuntu noble-updates/main amd64 gpg amd64 2.4.4-2ubuntu17.3 [565 kB]
Get:8 http://azure.archive.ubuntu.com/ubuntu noble-updates/main amd64 gpgconf amd64 2.4.4-2ubuntu17.3 [104 kB]
Get:9 http://azure.archive.ubuntu.com/ubuntu noble-updates/main amd64 gnupg all 2.4.4-2ubuntu17.3 [359 kB]
Get:10 http://azure.archive.ubuntu.com/ubuntu noble-updates/main amd64 keyboxd amd64 2.4.4-2ubuntu17.3 [78.3 kB]
Get:11 http://azure.archive.ubuntu.com/ubuntu noble-updates/main amd64 gpgv amd64 2.4.4-2ubuntu17.3 [158 kB]
Get:12 http://azure.archive.ubuntu.com/ubuntu noble-updates/main amd64 git-man all 1:2.43.0-1ubuntu7.3 [1100 kB]
Get:13 http://azure.archive.ubuntu.com/ubuntu noble-updates/main amd64 git amd64 1:2.43.0-1ubuntu7.3 [3680 kB]
Get:14 http://azure.archive.ubuntu.com/ubuntu noble-updates/main amd64 gnupg-l10n all 2.4.4-2ubuntu17.3 [66.4 kB]
Get:15 http://azure.archive.ubuntu.com/ubuntu noble-updates/main amd64 libssh-4 amd64 0.10.6-2ubuntu0.1 [188 kB]
Get:16 http://azure.archive.ubuntu.com/ubuntu noble-updates/main amd64 linux-modules-6.11.0-1018-azure amd64 6.11.0-1018.18~24.04.1 [35.4 MB]
Get:17 http://azure.archive.ubuntu.com/ubuntu noble-updates/main amd64 linux-image-6.11.0-1018-azure amd64 6.11.0-1018.18~24.04.1 [14.4 MB]
Get:18 http://azure.archive.ubuntu.com/ubuntu noble-updates/main amd64 linux-azure amd64 6.11.0-1018.18~24.04.1 [1758 B]
Get:19 http://azure.archive.ubuntu.com/ubuntu noble-updates/main amd64 linux-image-azure amd64 6.11.0-1018.18~24.04.1 [2456 B]
Get:20 http://azure.archive.ubuntu.com/ubuntu noble-updates/main amd64 linux-azure-6.11-headers-6.11.0-1018 all 6.11.0-1018.18~24.04.1 [13.9 MB]
Get:21 http://azure.archive.ubuntu.com/ubuntu noble-updates/main amd64 linux-headers-6.11.0-1018-azure amd64 6.11.0-1018.18~24.04.1 [3585 kB]
Get:22 http://azure.archive.ubuntu.com/ubuntu noble-updates/main amd64 linux-headers-azure amd64 6.11.0-1018.18~24.04.1 [2346 B]
Get:23 http://azure.archive.ubuntu.com/ubuntu noble-updates/main amd64 linux-azure-6.11-tools-6.11.0-1018 amd64 6.11.0-1018.18~24.04.1 [3362 kB]
Get:24 http://azure.archive.ubuntu.com/ubuntu noble-updates/main amd64 linux-tools-6.11.0-1018-azure amd64 6.11.0-1018.18~24.04.1 [1782 B]
Get:25 http://azure.archive.ubuntu.com/ubuntu noble-updates/main amd64 linux-tools-azure amd64 6.11.0-1018.18~24.04.1 [2364 B]
Get:26 http://azure.archive.ubuntu.com/ubuntu noble-updates/main amd64 linux-azure-6.11-cloud-tools-6.11.0-1018 amd64 6.11.0-1018.18~24.04.1 [207 kB]
Get:27 http://azure.archive.ubuntu.com/ubuntu noble-updates/main amd64 linux-cloud-tools-6.11.0-1018-azure amd64 6.11.0-1018.18~24.04.1 [1712 B]
Get:28 http://azure.archive.ubuntu.com/ubuntu noble-updates/main amd64 linux-cloud-tools-azure amd64 6.11.0-1018.18~24.04.1 [2376 B]
Fetched 78.3 MB in 1s (74.3 MB/s)
(Reading database ... 67913 files and directories currently installed.)
Preparing to unpack .../gzip_1.12-1ubuntu3.1_amd64.deb ...
Unpacking gzip (1.12-1ubuntu3.1) over (1.12-1ubuntu3) ...
Setting up gzip (1.12-1ubuntu3.1) ...
(Reading database ... 67913 files and directories currently installed.)
Preparing to unpack .../0-gpg-wks-client_2.4.4-2ubuntu17.3_amd64.deb ...
Unpacking gpg-wks-client (2.4.4-2ubuntu17.3) over (2.4.4-2ubuntu17.2) ...
Preparing to unpack .../1-dirmngr_2.4.4-2ubuntu17.3_amd64.deb ...
Unpacking dirmngr (2.4.4-2ubuntu17.3) over (2.4.4-2ubuntu17.2) ...
Preparing to unpack .../2-gpgsm_2.4.4-2ubuntu17.3_amd64.deb ...
Unpacking gpgsm (2.4.4-2ubuntu17.3) over (2.4.4-2ubuntu17.2) ...
Preparing to unpack .../3-gnupg-utils_2.4.4-2ubuntu17.3_amd64.deb ...
Unpacking gnupg-utils (2.4.4-2ubuntu17.3) over (2.4.4-2ubuntu17.2) ...
Preparing to unpack .../4-gpg-agent_2.4.4-2ubuntu17.3_amd64.deb ...
Unpacking gpg-agent (2.4.4-2ubuntu17.3) over (2.4.4-2ubuntu17.2) ...
Preparing to unpack .../5-gpg_2.4.4-2ubuntu17.3_amd64.deb ...
Unpacking gpg (2.4.4-2ubuntu17.3) over (2.4.4-2ubuntu17.2) ...
Preparing to unpack .../6-gpgconf_2.4.4-2ubuntu17.3_amd64.deb ...
Unpacking gpgconf (2.4.4-2ubuntu17.3) over (2.4.4-2ubuntu17.2) ...
Preparing to unpack .../7-gnupg_2.4.4-2ubuntu17.3_all.deb ...
Unpacking gnupg (2.4.4-2ubuntu17.3) over (2.4.4-2ubuntu17.2) ...
Preparing to unpack .../8-keyboxd_2.4.4-2ubuntu17.3_amd64.deb ...
Unpacking keyboxd (2.4.4-2ubuntu17.3) over (2.4.4-2ubuntu17.2) ...
Preparing to unpack .../9-gpgv_2.4.4-2ubuntu17.3_amd64.deb ...
Unpacking gpgv (2.4.4-2ubuntu17.3) over (2.4.4-2ubuntu17.2) ...
Setting up gpgv (2.4.4-2ubuntu17.3) ...
(Reading database ... 67913 files and directories currently installed.)
Preparing to unpack .../00-git-man_1%3a2.43.0-1ubuntu7.3_all.deb ...
Unpacking git-man (1:2.43.0-1ubuntu7.3) over (1:2.43.0-1ubuntu7.2) ...
Preparing to unpack .../01-git_1%3a2.43.0-1ubuntu7.3_amd64.deb ...
Unpacking git (1:2.43.0-1ubuntu7.3) over (1:2.43.0-1ubuntu7.2) ...
Preparing to unpack .../02-gnupg-l10n_2.4.4-2ubuntu17.3_all.deb ...
Unpacking gnupg-l10n (2.4.4-2ubuntu17.3) over (2.4.4-2ubuntu17.2) ...
Preparing to unpack .../03-libssh-4_0.10.6-2ubuntu0.1_amd64.deb ...
Unpacking libssh-4:amd64 (0.10.6-2ubuntu0.1) over (0.10.6-2build2) ...
Selecting previously unselected package linux-modules-6.11.0-1018-azure.
Preparing to unpack .../04-linux-modules-6.11.0-1018-azure_6.11.0-1018.18~24.04.1_amd64.deb ...
Unpacking linux-modules-6.11.0-1018-azure (6.11.0-1018.18~24.04.1) ...
Selecting previously unselected package linux-image-6.11.0-1018-azure.
Preparing to unpack .../05-linux-image-6.11.0-1018-azure_6.11.0-1018.18~24.04.1_amd64.deb ...
Unpacking linux-image-6.11.0-1018-azure (6.11.0-1018.18~24.04.1) ...
Preparing to unpack .../06-linux-azure_6.11.0-1018.18~24.04.1_amd64.deb ...
Unpacking linux-azure (6.11.0-1018.18~24.04.1) over (6.11.0-1017.17~24.04.1) ...
Preparing to unpack .../07-linux-image-azure_6.11.0-1018.18~24.04.1_amd64.deb ...
Unpacking linux-image-azure (6.11.0-1018.18~24.04.1) over (6.11.0-1017.17~24.04.1) ...
Selecting previously unselected package linux-azure-6.11-headers-6.11.0-1018.
Preparing to unpack .../08-linux-azure-6.11-headers-6.11.0-1018_6.11.0-1018.18~24.04.1_all.deb ...
Unpacking linux-azure-6.11-headers-6.11.0-1018 (6.11.0-1018.18~24.04.1) ...
Selecting previously unselected package linux-headers-6.11.0-1018-azure.
Preparing to unpack .../09-linux-headers-6.11.0-1018-azure_6.11.0-1018.18~24.04.1_amd64.deb ...
Unpacking linux-headers-6.11.0-1018-azure (6.11.0-1018.18~24.04.1) ...
Preparing to unpack .../10-linux-headers-azure_6.11.0-1018.18~24.04.1_amd64.deb ...
Unpacking linux-headers-azure (6.11.0-1018.18~24.04.1) over (6.11.0-1017.17~24.04.1) ...
Selecting previously unselected package linux-azure-6.11-tools-6.11.0-1018.
Preparing to unpack .../11-linux-azure-6.11-tools-6.11.0-1018_6.11.0-1018.18~24.04.1_amd64.deb ...
Unpacking linux-azure-6.11-tools-6.11.0-1018 (6.11.0-1018.18~24.04.1) ...
Selecting previously unselected package linux-tools-6.11.0-1018-azure.
Preparing to unpack .../12-linux-tools-6.11.0-1018-azure_6.11.0-1018.18~24.04.1_amd64.deb ...
Unpacking linux-tools-6.11.0-1018-azure (6.11.0-1018.18~24.04.1) ...
Preparing to unpack .../13-linux-tools-azure_6.11.0-1018.18~24.04.1_amd64.deb ...
Unpacking linux-tools-azure (6.11.0-1018.18~24.04.1) over (6.11.0-1017.17~24.04.1) ...
Selecting previously unselected package linux-azure-6.11-cloud-tools-6.11.0-1018.
Preparing to unpack .../14-linux-azure-6.11-cloud-tools-6.11.0-1018_6.11.0-1018.18~24.04.1_amd64.deb ...
Unpacking linux-azure-6.11-cloud-tools-6.11.0-1018 (6.11.0-1018.18~24.04.1) ...
Selecting previously unselected package linux-cloud-tools-6.11.0-1018-azure.
Preparing to unpack .../15-linux-cloud-tools-6.11.0-1018-azure_6.11.0-1018.18~24.04.1_amd64.deb ...
Unpacking linux-cloud-tools-6.11.0-1018-azure (6.11.0-1018.18~24.04.1) ...
Preparing to unpack .../16-linux-cloud-tools-azure_6.11.0-1018.18~24.04.1_amd64.deb ...
Unpacking linux-cloud-tools-azure (6.11.0-1018.18~24.04.1) over (6.11.0-1017.17~24.04.1) ...
Setting up linux-azure-6.11-cloud-tools-6.11.0-1018 (6.11.0-1018.18~24.04.1) ...
Setting up linux-modules-6.11.0-1018-azure (6.11.0-1018.18~24.04.1) ...
Setting up linux-azure-6.11-tools-6.11.0-1018 (6.11.0-1018.18~24.04.1) ...
Setting up linux-azure-6.11-headers-6.11.0-1018 (6.11.0-1018.18~24.04.1) ...
Setting up gnupg-l10n (2.4.4-2ubuntu17.3) ...
Setting up linux-cloud-tools-6.11.0-1018-azure (6.11.0-1018.18~24.04.1) ...
Setting up libssh-4:amd64 (0.10.6-2ubuntu0.1) ...
Setting up linux-headers-6.11.0-1018-azure (6.11.0-1018.18~24.04.1) ...
Setting up linux-tools-6.11.0-1018-azure (6.11.0-1018.18~24.04.1) ...
Setting up gpgconf (2.4.4-2ubuntu17.3) ...
Setting up linux-cloud-tools-azure (6.11.0-1018.18~24.04.1) ...
Setting up git-man (1:2.43.0-1ubuntu7.3) ...
Setting up gpg (2.4.4-2ubuntu17.3) ...
Setting up linux-image-6.11.0-1018-azure (6.11.0-1018.18~24.04.1) ...
I: /boot/vmlinuz is now a symlink to vmlinuz-6.11.0-1018-azure
I: /boot/initrd.img is now a symlink to initrd.img-6.11.0-1018-azure
Setting up gnupg-utils (2.4.4-2ubuntu17.3) ...
Setting up gpg-agent (2.4.4-2ubuntu17.3) ...
Setting up linux-headers-azure (6.11.0-1018.18~24.04.1) ...
Setting up linux-image-azure (6.11.0-1018.18~24.04.1) ...
Setting up gpgsm (2.4.4-2ubuntu17.3) ...
Setting up dirmngr (2.4.4-2ubuntu17.3) ...
Setting up linux-tools-azure (6.11.0-1018.18~24.04.1) ...
Setting up keyboxd (2.4.4-2ubuntu17.3) ...
Setting up git (1:2.43.0-1ubuntu7.3) ...
Setting up gnupg (2.4.4-2ubuntu17.3) ...
Setting up linux-azure (6.11.0-1018.18~24.04.1) ...
Setting up gpg-wks-client (2.4.4-2ubuntu17.3) ...
Processing triggers for man-db (2.12.0-4build2) ...
Processing triggers for install-info (7.1-3build2) ...
Processing triggers for libc-bin (2.39-0ubuntu8.4) ...
Processing triggers for linux-image-6.11.0-1018-azure (6.11.0-1018.18~24.04.1) ...
/etc/kernel/postinst.d/initramfs-tools:
update-initramfs: Generating /boot/initrd.img-6.11.0-1018-azure
/etc/kernel/postinst.d/zz-update-grub:
Sourcing file `/etc/default/grub'
Sourcing file `/etc/default/grub.d/40-force-partuuid.cfg'
Sourcing file `/etc/default/grub.d/50-cloudimg-settings.cfg'
Generating grub configuration file ...
GRUB_FORCE_PARTUUID is set, will attempt initrdless boot
Found linux image: /boot/vmlinuz-6.11.0-1018-azure
Found initrd image: /boot/initrd.img-6.11.0-1018-azure
Found linux image: /boot/vmlinuz-6.11.0-1017-azure
Found initrd image: /boot/initrd.img-6.11.0-1017-azure
Warning: os-prober will not be executed to detect other bootable partitions.
Systems on them will not be added to the GRUB boot configuration.
Check GRUB_DISABLE_OS_PROBER documentation entry.
Adding boot menu entry for UEFI Firmware Settings ...
done
Scanning processes...                                                                                                                                       
Scanning candidates...                                                                                                                                      
Scanning linux images...                                                                                                                                    

Pending kernel upgrade!
Running kernel version:
  6.11.0-1017-azure
Diagnostics:
  The currently running kernel version is not the expected kernel version 6.11.0-1018-azure.

Restarting the system to load the new kernel will not be handled automatically, so you should consider rebooting.

Restarting services...
 systemctl restart packagekit.service

No containers need to be restarted.

No user sessions are running outdated binaries.

No VM guests are running outdated hypervisor (qemu) binaries on this host.
azureuser@docker-api-vm:~$ sudo apt-get install -y docker.io
Reading package lists... Done
Building dependency tree... Done
Reading state information... Done
The following additional packages will be installed:
  bridge-utils containerd dns-root-data dnsmasq-base pigz runc ubuntu-fan
Suggested packages:
  ifupdown aufs-tools cgroupfs-mount | cgroup-lite debootstrap docker-buildx docker-compose-v2 docker-doc rinse zfs-fuse | zfsutils
The following NEW packages will be installed:
  bridge-utils containerd dns-root-data dnsmasq-base docker.io pigz runc ubuntu-fan
0 upgraded, 8 newly installed, 0 to remove and 14 not upgraded.
Need to get 79.2 MB of archives.
After this operation, 300 MB of additional disk space will be used.
Get:1 http://azure.archive.ubuntu.com/ubuntu noble/universe amd64 pigz amd64 2.8-1 [65.6 kB]
Get:2 http://azure.archive.ubuntu.com/ubuntu noble/main amd64 bridge-utils amd64 1.7.1-1ubuntu2 [33.9 kB]
Get:3 http://azure.archive.ubuntu.com/ubuntu noble-updates/main amd64 runc amd64 1.2.5-0ubuntu1~24.04.1 [8043 kB]
Get:4 http://azure.archive.ubuntu.com/ubuntu noble-updates/main amd64 containerd amd64 1.7.27-0ubuntu1~24.04.1 [37.7 MB]
Get:5 http://azure.archive.ubuntu.com/ubuntu noble-updates/main amd64 dns-root-data all 2024071801~ubuntu0.24.04.1 [5918 B]
Get:6 http://azure.archive.ubuntu.com/ubuntu noble-updates/main amd64 dnsmasq-base amd64 2.90-2ubuntu0.1 [376 kB]
Get:7 http://azure.archive.ubuntu.com/ubuntu noble-updates/universe amd64 docker.io amd64 27.5.1-0ubuntu3~24.04.2 [33.0 MB]
Get:8 http://azure.archive.ubuntu.com/ubuntu noble/universe amd64 ubuntu-fan all 0.12.16 [35.2 kB]
Fetched 79.2 MB in 4s (21.6 MB/s)     
Preconfiguring packages ...
Selecting previously unselected package pigz.
(Reading database ... 95508 files and directories currently installed.)
Preparing to unpack .../0-pigz_2.8-1_amd64.deb ...
Unpacking pigz (2.8-1) ...
Selecting previously unselected package bridge-utils.
Preparing to unpack .../1-bridge-utils_1.7.1-1ubuntu2_amd64.deb ...
Unpacking bridge-utils (1.7.1-1ubuntu2) ...
Selecting previously unselected package runc.
Preparing to unpack .../2-runc_1.2.5-0ubuntu1~24.04.1_amd64.deb ...
Unpacking runc (1.2.5-0ubuntu1~24.04.1) ...
Selecting previously unselected package containerd.
Preparing to unpack .../3-containerd_1.7.27-0ubuntu1~24.04.1_amd64.deb ...
Unpacking containerd (1.7.27-0ubuntu1~24.04.1) ...
Selecting previously unselected package dns-root-data.
Preparing to unpack .../4-dns-root-data_2024071801~ubuntu0.24.04.1_all.deb ...
Unpacking dns-root-data (2024071801~ubuntu0.24.04.1) ...
Selecting previously unselected package dnsmasq-base.
Preparing to unpack .../5-dnsmasq-base_2.90-2ubuntu0.1_amd64.deb ...
Unpacking dnsmasq-base (2.90-2ubuntu0.1) ...
Selecting previously unselected package docker.io.
Preparing to unpack .../6-docker.io_27.5.1-0ubuntu3~24.04.2_amd64.deb ...
Unpacking docker.io (27.5.1-0ubuntu3~24.04.2) ...
Selecting previously unselected package ubuntu-fan.
Preparing to unpack .../7-ubuntu-fan_0.12.16_all.deb ...
Unpacking ubuntu-fan (0.12.16) ...
Setting up dnsmasq-base (2.90-2ubuntu0.1) ...
Setting up runc (1.2.5-0ubuntu1~24.04.1) ...
Setting up dns-root-data (2024071801~ubuntu0.24.04.1) ...
Setting up bridge-utils (1.7.1-1ubuntu2) ...
Setting up pigz (2.8-1) ...
Setting up containerd (1.7.27-0ubuntu1~24.04.1) ...
Created symlink /etc/systemd/system/multi-user.target.wants/containerd.service → /usr/lib/systemd/system/containerd.service.
Setting up ubuntu-fan (0.12.16) ...
Created symlink /etc/systemd/system/multi-user.target.wants/ubuntu-fan.service → /usr/lib/systemd/system/ubuntu-fan.service.
Setting up docker.io (27.5.1-0ubuntu3~24.04.2) ...
info: Selecting GID from range 100 to 999 ...
info: Adding group `docker' (GID 114) ...
Created symlink /etc/systemd/system/multi-user.target.wants/docker.service → /usr/lib/systemd/system/docker.service.
Created symlink /etc/systemd/system/sockets.target.wants/docker.socket → /usr/lib/systemd/system/docker.socket.
Processing triggers for dbus (1.14.10-4ubuntu4.1) ...
Processing triggers for man-db (2.12.0-4build2) ...
Scanning processes...                                                                                                                                       
Scanning linux images...                                                                                                                                    

Pending kernel upgrade!
Running kernel version:
  6.11.0-1017-azure
Diagnostics:
  The currently running kernel version is not the expected kernel version 6.11.0-1018-azure.

Restarting the system to load the new kernel will not be handled automatically, so you should consider rebooting.

No services need to be restarted.

No containers need to be restarted.

No user sessions are running outdated binaries.

No VM guests are running outdated hypervisor (qemu) binaries on this host.
azureuser@docker-api-vm:~$ sudo systemctl start docker
azureuser@docker-api-vm:~$ sudo systemctl enable docker
azureuser@docker-api-vm:~$ docker --version
Docker version 27.5.1, build 27.5.1-0ubuntu3~24.04.2
azureuser@docker-api-vm:~$ docker images
permission denied while trying to connect to the Docker daemon socket at unix:///var/run/docker.sock: Head "http://%2Fvar%2Frun%2Fdocker.sock/_ping": dial unix /var/run/docker.sock: connect: permission denied
azureuser@docker-api-vm:~$ sudo docker images
REPOSITORY   TAG       IMAGE ID   CREATED   SIZE
azureuser@docker-api-vm:~$ sudo docker pull chowdrisakthivel/docker-api-vm-image
Using default tag: latest
Error response from daemon: pull access denied for chowdrisakthivel/docker-api-vm-image, repository does not exist or may require 'docker login': denied: requested access to the resource is denied
azureuser@docker-api-vm:~$ docker login

USING WEB-BASED LOGIN
To sign in with credentials on the command line, use 'docker login -u <username>'

Your one-time device confirmation code is: BWBZ-ZQNX
Press ENTER to open your browser or submit your device code here: https://login.docker.com/activate

Waiting for authentication in the browser…
WARNING! Your password will be stored unencrypted in /home/azureuser/.docker/config.json.
Configure a credential helper to remove this warning. See
https://docs.docker.com/engine/reference/commandline/login/#credential-stores

Login Succeeded
azureuser@docker-api-vm:~$ docker images
permission denied while trying to connect to the Docker daemon socket at unix:///var/run/docker.sock: Head "http://%2Fvar%2Frun%2Fdocker.sock/_ping": dial unix /var/run/docker.sock: connect: permission denied
azureuser@docker-api-vm:~$ sudo docker images
REPOSITORY   TAG       IMAGE ID   CREATED   SIZE
azureuser@docker-api-vm:~$ sudo docker pull chowdrisakthivel/docker-api-vm-image
Using default tag: latest
Error response from daemon: pull access denied for chowdrisakthivel/docker-api-vm-image, repository does not exist or may require 'docker login': denied: requested access to the resource is denied
azureuser@docker-api-vm:~$ sudo docker pull chowdrisakthivel/practice-dockerfile
Using default tag: latest
Error response from daemon: pull access denied for chowdrisakthivel/practice-dockerfile, repository does not exist or may require 'docker login': denied: requested access to the resource is denied
azureuser@docker-api-vm:~$ sudo docker pull chowdrisakthivel/practice_dockerfile
Using default tag: latest
Error response from daemon: pull access denied for chowdrisakthivel/practice_dockerfile, repository does not exist or may require 'docker login': denied: requested access to the resource is denied
azureuser@docker-api-vm:~$ sudo docker login

USING WEB-BASED LOGIN
To sign in with credentials on the command line, use 'docker login -u <username>'

Your one-time device confirmation code is: WMLP-DQFT
Press ENTER to open your browser or submit your device code here: https://login.docker.com/activate

Waiting for authentication in the browser…
^Clogin canceled
azureuser@docker-api-vm:~$ ^C
azureuser@docker-api-vm:~$ sudo docker login -u chowdrisakthivel
Password: 
WARNING! Your password will be stored unencrypted in /root/.docker/config.json.
Configure a credential helper to remove this warning. See
https://docs.docker.com/engine/reference/commandline/login/#credential-stores

Login Succeeded
azureuser@docker-api-vm:~$ sudo docker images
REPOSITORY   TAG       IMAGE ID   CREATED   SIZE
azureuser@docker-api-vm:~$ sudo docker pull chowdrisakthivel/practice_dockerfile
Using default tag: latest
latest: Pulling from chowdrisakthivel/practice_dockerfile
2d765646d883: Pull complete 
a0926fa1bc2b: Pull complete 
8cfd58a6672c: Pull complete 
c39fbbb54f81: Pull complete 
Digest: sha256:9d181dfac880146599d37a676a4831eb795a6ca0a44478596f3092beb5c866c6
Status: Downloaded newer image for chowdrisakthivel/practice_dockerfile:latest
docker.io/chowdrisakthivel/practice_dockerfile:latest
azureuser@docker-api-vm:~$ 
azureuser@docker-api-vm:~$ sudo docker images
REPOSITORY                             TAG       IMAGE ID       CREATED      SIZE
chowdrisakthivel/practice_dockerfile   latest    9ae91e1c725b   8 days ago   418MB
azureuser@docker-api-vm:~$ sudo docker run -it -p 5000:5000 9ae91e1c725b

> docker-node-app@1.0.0 start
> node index.js

Server running at http://localhost:3000
npm error path /app
npm error command failed
npm error signal SIGINT
npm error command sh -c node index.js
npm notice
npm notice New major version of npm available! 10.9.2 -> 11.4.2
npm notice Changelog: https://github.com/npm/cli/releases/tag/v11.4.2
npm notice To update run: npm install -g npm@11.4.2
npm notice
npm error A complete log of this run can be found in: /root/.npm/_logs/2025-07-09T05_16_58_498Z-debug-0.log
azureuser@docker-api-vm:~$ sudo docker run -it -p 5000:3000 9ae91e1c725b

> docker-node-app@1.0.0 start
> node index.js

Server running at http://localhost:3000
npm error path /app
npm error command failed
npm error signal SIGINT
npm error command sh -c node index.js
npm notice
npm notice New major version of npm available! 10.9.2 -> 11.4.2
npm notice Changelog: https://github.com/npm/cli/releases/tag/v11.4.2
npm notice To update run: npm install -g npm@11.4.2
npm notice
npm error A complete log of this run can be found in: /root/.npm/_logs/2025-07-09T05_18_03_034Z-debug-0.log
azureuser@docker-api-vm:~$ docker ps -a
permission denied while trying to connect to the Docker daemon socket at unix:///var/run/docker.sock: Get "http://%2Fvar%2Frun%2Fdocker.sock/v1.47/containers/json?all=1": dial unix /var/run/docker.sock: connect: permission denied
azureuser@docker-api-vm:~$ sudo docker ps -a
CONTAINER ID   IMAGE          COMMAND       CREATED         STATUS                      PORTS     NAMES
55a64a2fe686   9ae91e1c725b   "npm start"   2 minutes ago   Exited (1) 11 seconds ago             tender_euler
756d727a6b2b   9ae91e1c725b   "npm start"   4 minutes ago   Exited (1) 3 minutes ago              intelligent_ishizaka
azureuser@docker-api-vm:~$ sudo docker run -d -p 5000:3000 9ae91e1c725b
7df65b8c9cb349fd71f0e10e14794f8816d845effd10e2242e082bba2474e03c
azureuser@docker-api-vm:~$ sudo docker ps
CONTAINER ID   IMAGE          COMMAND       CREATED         STATUS         PORTS                                         NAMES
7df65b8c9cb3   9ae91e1c725b   "npm start"   8 seconds ago   Up 7 seconds   0.0.0.0:5000->3000/tcp, [::]:5000->3000/tcp   friendly_feynman
azureuser@docker-api-vm:~$ curl http:localhost:5000
curl: (3) URL rejected: Port number was not a decimal number between 0 and 65535
azureuser@docker-api-vm:~$ curl http://localhost:5000
azureuser@docker-api-vm:~$ docker load -i myimage.tar
open myimage.tar: no such file or directory
azureuser@docker-api-vm:~$ docker load -i myimage.tar
permission denied while trying to connect to the Docker daemon socket at unix:///var/run/docker.sock: Post "http://%2Fvar%2Frun%2Fdocker.sock/v1.47/images/load?quiet=0": dial unix /var/run/docker.sock: connect: permission denied
azureuser@docker-api-vm:~$ sudo docker load -i myimage.tar
1bb35e8b4de1: Loading layer  28.23MB/28.23MB
4fad35cbaa31: Loading layer  18.74MB/18.74MB
7b214d2a7097: Loading layer  3.279kB/3.279kB
94e7501e3533: Loading layer  32.25MB/32.25MB
8452ca2749f6: Loading layer     155B/155B
62516723146a: Loading layer  11.09MB/11.09MB
53187b884997: Loading layer      93B/93B
6aadfaed25c6: Loading layer    860kB/860kB
Loaded image: chowdrisakthivel/docker_api_image:latest
azureuser@docker-api-vm:~$ docker images
permission denied while trying to connect to the Docker daemon socket at unix:///var/run/docker.sock: Head "http://%2Fvar%2Frun%2Fdocker.sock/_ping": dial unix /var/run/docker.sock: connect: permission denied
azureuser@docker-api-vm:~$ sudo docker images
REPOSITORY                             TAG       IMAGE ID       CREATED             SIZE
chowdrisakthivel/docker_api_image      latest    6980a4f71d68   About an hour ago   220MB
chowdrisakthivel/practice_dockerfile   latest    9ae91e1c725b   8 days ago          418MB
azureuser@docker-api-vm:~$ sudo docker ps 
CONTAINER ID   IMAGE          COMMAND       CREATED          STATUS          PORTS                                         NAMES
7df65b8c9cb3   9ae91e1c725b   "npm start"   23 minutes ago   Up 23 minutes   0.0.0.0:5000->3000/tcp, [::]:5000->3000/tcp   friendly_feynman
azureuser@docker-api-vm:~$ sudo docker stop 7df65b8c9cb3
7df65b8c9cb3
azureuser@docker-api-vm:~$ sudo docker ps
CONTAINER ID   IMAGE     COMMAND   CREATED   STATUS    PORTS     NAMES
azureuser@docker-api-vm:~$ docker images
permission denied while trying to connect to the Docker daemon socket at unix:///var/run/docker.sock: Head "http://%2Fvar%2Frun%2Fdocker.sock/_ping": dial unix /var/run/docker.sock: connect: permission denied
azureuser@docker-api-vm:~$ sudo docker images
REPOSITORY                             TAG       IMAGE ID       CREATED             SIZE
chowdrisakthivel/docker_api_image      latest    6980a4f71d68   About an hour ago   220MB
chowdrisakthivel/practice_dockerfile   latest    9ae91e1c725b   8 days ago          418MB
azureuser@docker-api-vm:~$ sudo docker run -it -p 5000:5000 6980a4f71d68
warn: Microsoft.AspNetCore.Hosting.Diagnostics[15]
      Overriding HTTP_PORTS '8080' and HTTPS_PORTS ''. Binding to values defined by URLS instead 'http://0.0.0.0:5000'.
info: Microsoft.Hosting.Lifetime[14]
      Now listening on: http://0.0.0.0:5000
info: Microsoft.Hosting.Lifetime[0]
      Application started. Press Ctrl+C to shut down.
info: Microsoft.Hosting.Lifetime[0]
      Hosting environment: Production
info: Microsoft.Hosting.Lifetime[0]
      Content root path: /app
^Cinfo: Microsoft.Hosting.Lifetime[0]
      Application is shutting down...
azureuser@docker-api-vm:~$ ^C
azureuser@docker-api-vm:~$ 
Broadcast message from root@docker-api-vm (Wed 2025-07-09 07:53:00 UTC):

The system will power off now!

Connection to 20.55.100.115 closed by remote host.
Connection to 20.55.100.115 closed.
presidio@Presidios-MacBook-Pro docker-api-vm-task % 