presidio@Presidios-MacBook-Pro Task3 % npm create vite@latest my-app -- --template react
Need to install the following packages:
create-vite@7.0.0
Ok to proceed? (y) y


> npx
> create-vite my-app --template react

│
◇  Scaffolding project in /Users/presidio/Desktop/GenSpark_Training/Week 9/Day44 (04-07-2025)/DockerTasks/Task3/my-app...
│
└  Done. Now run:

  cd my-app
  npm install
  npm run dev

presidio@Presidios-MacBook-Pro Task3 % cd my-app 
presidio@Presidios-MacBook-Pro my-app % npm run dev

> my-app@0.0.0 dev
> vite

sh: vite: command not found
presidio@Presidios-MacBook-Pro my-app % npm install

added 153 packages, and audited 154 packages in 15s

33 packages are looking for funding
  run `npm fund` for details

found 0 vulnerabilities
presidio@Presidios-MacBook-Pro my-app % npm run dev

> my-app@0.0.0 dev
> vite


  VITE v7.0.2  ready in 896 ms

  ➜  Local:   http://localhost:5173/
  ➜  Network: use --host to expose
  ➜  press h + enter to show help
^C
presidio@Presidios-MacBook-Pro my-app % docker build -t task3 .
[+] Building 41.1s (14/14) FINISHED                                                                                    docker:desktop-linux
 => [internal] load build definition from Dockerfile                                                                                   0.0s
 => => transferring dockerfile: 270B                                                                                                   0.0s
 => [internal] load metadata for docker.io/library/nginx:alpine                                                                        1.9s
 => [internal] load metadata for docker.io/library/node:22-alpine                                                                      2.0s
 => [internal] load .dockerignore                                                                                                      0.0s
 => => transferring context: 2B                                                                                                        0.0s
 => [builder 1/6] FROM docker.io/library/node:22-alpine@sha256:5340cbfc2df14331ab021555fdd9f83f072ce811488e705b0e736b11adeec4bb        0.0s
 => => resolve docker.io/library/node:22-alpine@sha256:5340cbfc2df14331ab021555fdd9f83f072ce811488e705b0e736b11adeec4bb                0.0s
 => [internal] load build context                                                                                                      0.4s
 => => transferring context: 268.16kB                                                                                                  0.4s
 => [stage-1 1/2] FROM docker.io/library/nginx:alpine@sha256:b2e814d28359e77bd0aa5fed1939620075e4ffa0eb20423cc557b375bd5c14ad          0.0s
 => => resolve docker.io/library/nginx:alpine@sha256:b2e814d28359e77bd0aa5fed1939620075e4ffa0eb20423cc557b375bd5c14ad                  0.0s
 => CACHED [builder 2/6] WORKDIR /app                                                                                                  0.0s
 => [builder 3/6] COPY package.json .                                                                                                  0.0s
 => [builder 4/6] RUN npm install                                                                                                     31.2s
 => [builder 5/6] COPY . .                                                                                                             2.3s 
 => [builder 6/6] RUN npm run build                                                                                                    4.4s 
 => CACHED [stage-1 2/2] COPY --from=builder /app/dist /usr/share/nginx/html                                                           0.0s 
 => exporting to image                                                                                                                 0.2s 
 => => exporting layers                                                                                                                0.0s 
 => => exporting manifest sha256:6f277a49805e8c1ef675da1ba57c5db29b4499cb5b81b61ad709fbd8b2b8445b                                      0.0s 
 => => exporting config sha256:d4564230359258e771781ebaf06aaeea3600194ca50ab5fd0682f484fea8a627                                        0.0s 
 => => exporting attestation manifest sha256:150c37a7494d7df7ac7de1e61572fb1f75b712814a98150db379a148562b51af                          0.0s
 => => exporting manifest list sha256:c022ece51f574eff5377b8e9907b4371ad1edb15b82c64217a8a259a96ddbb0d                                 0.0s
 => => naming to docker.io/library/task3:latest                                                                                        0.0s
 => => unpacking to docker.io/library/task3:latest                                                                                     0.0s

View build details: docker-desktop://dashboard/build/desktop-linux/desktop-linux/drbk0noqc0ns08yxfb0mm64gw
presidio@Presidios-MacBook-Pro my-app % docker images
REPOSITORY                             TAG       IMAGE ID       CREATED          SIZE
task3                                  latest    c022ece51f57   3 minutes ago    79.5MB
task1                                  latest    b47f7ae07ca3   51 minutes ago   230MB
payment-imgae                          latest    db2d542a13b5   4 hours ago      2.52GB
web                                    latest    42bdaaae7ef3   24 hours ago     79.3MB
api                                    latest    39ba4d8f27df   26 hours ago     207MB
https-in-dotnet                        latest    8a727c882c9e   27 hours ago     359MB
eventbookingapi-frontend               latest    8ef346dd346d   29 hours ago     3.16GB
angular-frontend                       latest    6b2f4707ae0a   29 hours ago     3.16GB
eventbookingapi-app                    latest    922f711717c9   30 hours ago     348MB
dotnet-project                         latest    8acfcb8ee1bf   3 days ago       348MB
live-code                              latest    eb060976bf8b   3 days ago       1.62GB
chowdrisakthivel/practice_dockerfile   latest    9d181dfac880   3 days ago       614MB
my-debian-node-app                     latest    9d181dfac880   3 days ago       614MB
nginx                                  latest    dc53c8f25a10   9 days ago       279MB
postgres                               15        b77bf42292af   3 weeks ago      608MB
alpine                                 latest    8a1f59ffb675   4 weeks ago      12.8MB
mysql                                  latest    f1049ce35b39   2 months ago     1.17GB
presidio@Presidios-MacBook-Pro my-app % docker run -it -p 3000:80 task3  
docker: Error response from daemon: failed to set up container networking: driver failed programming external connectivity on endpoint heuristic_hermann (de068b53b66e3ab07df46c4033eea8bc5abaf6c9afb0d06615910c63986ce74d): Bind for 0.0.0.0:3000 failed: port is already allocated

Run 'docker run --help' for more information
presidio@Presidios-MacBook-Pro my-app % docker ps 
CONTAINER ID   IMAGE     COMMAND                  CREATED          STATUS          PORTS                               NAMES
3030fe456afa   mysql     "docker-entrypoint.s…"   28 minutes ago   Up 28 minutes   33060/tcp, 0.0.0.0:3000->3306/tcp   mysql-container-1
presidio@Presidios-MacBook-Pro my-app % docker stop 3030fe456afa
3030fe456afa
presidio@Presidios-MacBook-Pro my-app % docker run -it -p 3000:80 task3
/docker-entrypoint.sh: /docker-entrypoint.d/ is not empty, will attempt to perform configuration
/docker-entrypoint.sh: Looking for shell scripts in /docker-entrypoint.d/
/docker-entrypoint.sh: Launching /docker-entrypoint.d/10-listen-on-ipv6-by-default.sh
10-listen-on-ipv6-by-default.sh: info: Getting the checksum of /etc/nginx/conf.d/default.conf
10-listen-on-ipv6-by-default.sh: info: Enabled listen on IPv6 in /etc/nginx/conf.d/default.conf
/docker-entrypoint.sh: Sourcing /docker-entrypoint.d/15-local-resolvers.envsh
/docker-entrypoint.sh: Launching /docker-entrypoint.d/20-envsubst-on-templates.sh
/docker-entrypoint.sh: Launching /docker-entrypoint.d/30-tune-worker-processes.sh
/docker-entrypoint.sh: Configuration complete; ready for start up
2025/07/04 09:56:05 [notice] 1#1: using the "epoll" event method
2025/07/04 09:56:05 [notice] 1#1: nginx/1.29.0
2025/07/04 09:56:05 [notice] 1#1: built by gcc 14.2.0 (Alpine 14.2.0) 
2025/07/04 09:56:05 [notice] 1#1: OS: Linux 6.10.14-linuxkit
2025/07/04 09:56:05 [notice] 1#1: getrlimit(RLIMIT_NOFILE): 1048576:1048576
2025/07/04 09:56:05 [notice] 1#1: start worker processes
2025/07/04 09:56:05 [notice] 1#1: start worker process 30
2025/07/04 09:56:05 [notice] 1#1: start worker process 31
2025/07/04 09:56:05 [notice] 1#1: start worker process 32
2025/07/04 09:56:05 [notice] 1#1: start worker process 33
2025/07/04 09:56:05 [notice] 1#1: start worker process 34
2025/07/04 09:56:05 [notice] 1#1: start worker process 35
2025/07/04 09:56:05 [notice] 1#1: start worker process 36
2025/07/04 09:56:05 [notice] 1#1: start worker process 37
2025/07/04 09:56:05 [notice] 1#1: start worker process 38
2025/07/04 09:56:05 [notice] 1#1: start worker process 39
2025/07/04 09:56:05 [notice] 1#1: start worker process 40
2025/07/04 09:56:05 [notice] 1#1: start worker process 41
192.168.65.1 - - [04/Jul/2025:09:56:25 +0000] "GET / HTTP/1.1" 200 459 "-" "Mozilla/5.0 (Macintosh; Intel Mac OS X 10_15_7) AppleWebKit/537.36 (KHTML, like Gecko) Chrome/137.0.0.0 Safari/537.36 Edg/137.0.0.0" "-"
192.168.65.1 - - [04/Jul/2025:09:56:25 +0000] "GET /assets/index-DK-xQhXp.js HTTP/1.1" 200 188054 "http://localhost:3000/" "Mozilla/5.0 (Macintosh; Intel Mac OS X 10_15_7) AppleWebKit/537.36 (KHTML, like Gecko) Chrome/137.0.0.0 Safari/537.36 Edg/137.0.0.0" "-"
192.168.65.1 - - [04/Jul/2025:09:56:25 +0000] "GET /assets/index-D8b4DHJx.css HTTP/1.1" 200 1385 "http://localhost:3000/" "Mozilla/5.0 (Macintosh; Intel Mac OS X 10_15_7) AppleWebKit/537.36 (KHTML, like Gecko) Chrome/137.0.0.0 Safari/537.36 Edg/137.0.0.0" "-"
192.168.65.1 - - [04/Jul/2025:09:56:26 +0000] "GET /vite.svg HTTP/1.1" 200 1497 "http://localhost:3000/" "Mozilla/5.0 (Macintosh; Intel Mac OS X 10_15_7) AppleWebKit/537.36 (KHTML, like Gecko) Chrome/137.0.0.0 Safari/537.36 Edg/137.0.0.0" "-"
192.168.65.1 - - [04/Jul/2025:09:56:26 +0000] "GET /assets/react-CHdo91hT.svg HTTP/1.1" 200 4126 "http://localhost:3000/" "Mozilla/5.0 (Macintosh; Intel Mac OS X 10_15_7) AppleWebKit/537.36 (KHTML, like Gecko) Chrome/137.0.0.0 Safari/537.36 Edg/137.0.0.0" "-"
^C2025/07/04 09:56:45 [notice] 40#40: signal 2 (SIGINT) received, exiting
2025/07/04 09:56:45 [notice] 40#40: exiting
2025/07/04 09:56:45 [notice] 41#41: signal 2 (SIGINT) received, exiting
2025/07/04 09:56:45 [notice] 41#41: exiting
2025/07/04 09:56:45 [notice] 39#39: signal 2 (SIGINT) received, exiting
2025/07/04 09:56:45 [notice] 39#39: exiting
2025/07/04 09:56:45 [notice] 38#38: signal 2 (SIGINT) received, exiting
2025/07/04 09:56:45 [notice] 38#38: exiting
2025/07/04 09:56:45 [notice] 40#40: exit
2025/07/04 09:56:45 [notice] 41#41: exit
2025/07/04 09:56:45 [notice] 36#36: signal 2 (SIGINT) received, exiting
2025/07/04 09:56:45 [notice] 39#39: exit
2025/07/04 09:56:45 [notice] 36#36: exiting
2025/07/04 09:56:45 [notice] 38#38: exit
2025/07/04 09:56:45 [notice] 34#34: signal 2 (SIGINT) received, exiting
2025/07/04 09:56:45 [notice] 34#34: exiting
2025/07/04 09:56:45 [notice] 35#35: signal 2 (SIGINT) received, exiting
2025/07/04 09:56:45 [notice] 36#36: exit
2025/07/04 09:56:45 [notice] 37#37: signal 2 (SIGINT) received, exiting
2025/07/04 09:56:45 [notice] 37#37: exiting
2025/07/04 09:56:45 [notice] 34#34: exit
2025/07/04 09:56:45 [notice] 33#33: signal 2 (SIGINT) received, exiting
2025/07/04 09:56:45 [notice] 35#35: exiting
2025/07/04 09:56:45 [notice] 33#33: exiting
2025/07/04 09:56:45 [notice] 37#37: exit
2025/07/04 09:56:45 [notice] 35#35: exit
2025/07/04 09:56:45 [notice] 33#33: exit
2025/07/04 09:56:45 [notice] 31#31: signal 2 (SIGINT) received, exiting
2025/07/04 09:56:45 [notice] 32#32: signal 2 (SIGINT) received, exiting
2025/07/04 09:56:45 [notice] 32#32: exiting
2025/07/04 09:56:45 [notice] 31#31: exiting
2025/07/04 09:56:45 [notice] 32#32: exit
2025/07/04 09:56:45 [notice] 31#31: exit
2025/07/04 09:56:45 [notice] 30#30: signal 2 (SIGINT) received, exiting
2025/07/04 09:56:45 [notice] 1#1: signal 2 (SIGINT) received, exiting
2025/07/04 09:56:45 [notice] 30#30: exiting
2025/07/04 09:56:45 [notice] 30#30: exit
2025/07/04 09:56:45 [notice] 1#1: signal 17 (SIGCHLD) received from 36
2025/07/04 09:56:45 [notice] 1#1: worker process 36 exited with code 0
2025/07/04 09:56:45 [notice] 1#1: worker process 41 exited with code 0
2025/07/04 09:56:45 [notice] 1#1: signal 29 (SIGIO) received
2025/07/04 09:56:45 [notice] 1#1: signal 17 (SIGCHLD) received from 33
2025/07/04 09:56:45 [notice] 1#1: worker process 32 exited with code 0
2025/07/04 09:56:45 [notice] 1#1: worker process 33 exited with code 0
2025/07/04 09:56:45 [notice] 1#1: worker process 35 exited with code 0
2025/07/04 09:56:45 [notice] 1#1: worker process 38 exited with code 0
2025/07/04 09:56:45 [notice] 1#1: worker process 39 exited with code 0
2025/07/04 09:56:45 [notice] 1#1: worker process 30 exited with code 0
2025/07/04 09:56:45 [notice] 1#1: worker process 31 exited with code 0
2025/07/04 09:56:45 [notice] 1#1: worker process 37 exited with code 0
2025/07/04 09:56:45 [notice] 1#1: worker process 40 exited with code 0
2025/07/04 09:56:45 [notice] 1#1: signal 29 (SIGIO) received
2025/07/04 09:56:45 [notice] 1#1: signal 17 (SIGCHLD) received from 39
2025/07/04 09:56:45 [notice] 1#1: signal 17 (SIGCHLD) received from 34
2025/07/04 09:56:45 [notice] 1#1: worker process 34 exited with code 0
2025/07/04 09:56:45 [notice] 1#1: exit
presidio@Presidios-MacBook-Pro my-app % 