presidio@Presidios-MacBook-Pro Task2 % docker pull mysql       
Using default tag: latest
latest: Pulling from library/mysql
4d45e5094a07: Pull complete 
9db7a8f5c310: Pull complete 
56483034e3f1: Pull complete 
610c16d564ee: Pull complete 
515701765b17: Pull complete 
e6048afa6840: Pull complete 
3b536f25676c: Pull complete 
c55f07fe1b6e: Pull complete 
3d2798b2072a: Pull complete 
f4b2a1d21561: Pull complete 
Digest: sha256:f1049ce35b3986b84c08184de43a0b2109ae037a4a10a23ecf373a893daeadf7
Status: Downloaded newer image for mysql:latest
docker.io/library/mysql:latest
presidio@Presidios-MacBook-Pro Task2 % docker images            
REPOSITORY                             TAG       IMAGE ID       CREATED          SIZE
task1                                  latest    b47f7ae07ca3   12 minutes ago   230MB
payment-imgae                          latest    db2d542a13b5   3 hours ago      2.52GB
web                                    latest    42bdaaae7ef3   24 hours ago     79.3MB
api                                    latest    39ba4d8f27df   26 hours ago     207MB
https-in-dotnet                        latest    8a727c882c9e   27 hours ago     359MB
eventbookingapi-frontend               latest    8ef346dd346d   29 hours ago     3.16GB
angular-frontend                       latest    6b2f4707ae0a   29 hours ago     3.16GB
eventbookingapi-app                    latest    922f711717c9   29 hours ago     348MB
dotnet-project                         latest    8acfcb8ee1bf   3 days ago       348MB
live-code                              latest    eb060976bf8b   3 days ago       1.62GB
chowdrisakthivel/practice_dockerfile   latest    9d181dfac880   3 days ago       614MB
my-debian-node-app                     latest    9d181dfac880   3 days ago       614MB
nginx                                  latest    dc53c8f25a10   9 days ago       279MB
postgres                               15        b77bf42292af   3 weeks ago      608MB
alpine                                 latest    8a1f59ffb675   4 weeks ago      12.8MB
mysql                                  latest    f1049ce35b39   2 months ago     1.17GB

presidio@Presidios-MacBook-Pro Task2 % docker run -d --name mysql-container-1 -e MYSQL_ROOT_PASSWORD=rootpass -e MYSQL_DATABASE=mydb -v mysql-volume:/var/lib/mysql -p 3000:3306 mysql
799bd4436a2f1cbe5bb5071beda384d0853d9014c7a977bc681be1c607832d08

presidio@Presidios-MacBook-Pro Task2 % docker ps
CONTAINER ID   IMAGE     COMMAND                  CREATED         STATUS         PORTS                               NAMES
799bd4436a2f   mysql     "docker-entrypoint.s…"   5 seconds ago   Up 4 seconds   33060/tcp, 0.0.0.0:3000->3306/tcp   mysql-container-1
presidio@Presidios-MacBook-Pro Task2 % docker exec -it mysql-container-1 mysql -u root -p rootpass
Enter password: 
ERROR 1049 (42000): Unknown database 'rootpass'
presidio@Presidios-MacBook-Pro Task2 % docker exec -it mysql-container-1 mysql -u root -p         
Enter password: 
Welcome to the MySQL monitor.  Commands end with ; or \g.
Your MySQL connection id is 10
Server version: 9.3.0 MySQL Community Server - GPL

Copyright (c) 2000, 2025, Oracle and/or its affiliates.

Oracle is a registered trademark of Oracle Corporation and/or its
affiliates. Other names may be trademarks of their respective
owners.

Type 'help;' or '\h' for help. Type '\c' to clear the current input statement.

mysql> use mydb;
Database changed
mysql> create table info(name varchar(30) primary key);
Query OK, 0 rows affected (0.017 sec)

mysql> select * from info
    -> ;
Empty set (0.012 sec)

mysql> insert into info (name) values ("chow3"),("sakthi");
Query OK, 2 rows affected (0.003 sec)
Records: 2  Duplicates: 0  Warnings: 0

mysql> select * from info;
+--------+
| name   |
+--------+
| chow3  |
| sakthi |
+--------+
2 rows in set (0.001 sec)

mysql> exit;
Bye
presidio@Presidios-MacBook-Pro Week 9 % docker ps  
CONTAINER ID   IMAGE     COMMAND                  CREATED          STATUS          PORTS                               NAMES
59a456d5cf66   mysql     "docker-entrypoint.s…"   14 seconds ago   Up 13 seconds   33060/tcp, 0.0.0.0:3000->3306/tcp   mysql-container-1
presidio@Presidios-MacBook-Pro Week 9 % docker stop 59a456d5cf66
f59a456d5cf66
presidio@Presidios-MacBook-Pro Week 9 % docker rm 59a456d5cf66
59a456d5cf66
presidio@Presidios-MacBook-Pro Week 9 % docker ps -a
CONTAINER ID   IMAGE                      COMMAND                  CREATED          STATUS                      PORTS     NAMES
af544924f489   task1                      "docker-entrypoint.s…"   23 minutes ago   Exited (1) 23 minutes ago             great_vaughan
ae8a67383705   db2d542a13b5               "docker-entrypoint.s…"   3 hours ago      Exited (1) 2 hours ago                relaxed_davinci
44d02ada0484   https-in-dotnet            "dotnet sample.dll"      27 hours ago     Exited (0) 27 hours ago               https-dotnet-container
0d89d2783e37   eventbookingapi-frontend   "docker-entrypoint.s…"   29 hours ago     Exited (1) 27 hours ago               eventbookingapi-frontend-1
36ed729a5cd1   eventbookingapi-app        "dotnet EventBooking…"   29 hours ago     Exited (0) 27 hours ago               eventbookingapi-app-1
6b8cd22db1f2   postgres:15                "docker-entrypoint.s…"   29 hours ago     Exited (0) 27 hours ago               eventbookingapi-db-1
aad3bcd425bb   dotnet-project             "dotnet EventBooking…"   3 days ago       Exited (0) 3 days ago                 relaxed_swirles
f47526309585   live-code                  "docker-entrypoint.s…"   3 days ago       Exited (1) 3 days ago                 nifty_roentgen
cc2dfd44d7e8   bdb1d494246d               "docker-entrypoint.s…"   3 days ago       Exited (1) 3 days ago                 hopeful_engelbart
4d8d3f986cf3   2c297b7c9f04               "docker-entrypoint.s…"   3 days ago       Exited (1) 3 days ago                 beautiful_chaum
4c866f886a11   9d181dfac880               "npm start"              3 days ago       Exited (1) 3 days ago                 sad_chaum
3d4ea85847fa   alpine                     "/bin/sh"                4 days ago       Exited (130) 4 days ago               nice_jones
presidio@Presidios-MacBook-Pro Week 9 % docker run -d --name mysql-container-1 -e MYSQL_ROOT_PASSWORD=rootpass -e MYSQL_DATABASE=mydb -v mysql-volume:/var/lib/mysql -p 3000:3306 mysql
3030fe456afa56278cfdfc9e1e63977fbcbd421f6cdde59037a4afaa0e14e18f
presidio@Presidios-MacBook-Pro Week 9 % docker ps   
CONTAINER ID   IMAGE     COMMAND                  CREATED         STATUS         PORTS                               NAMES
3030fe456afa   mysql     "docker-entrypoint.s…"   8 seconds ago   Up 8 seconds   33060/tcp, 0.0.0.0:3000->3306/tcp   mysql-container-1
presidio@Presidios-MacBook-Pro Week 9 % docker exec -it 3030fe456afa mysql -u root -p              
Enter password: 
Welcome to the MySQL monitor.  Commands end with ; or \g.
Your MySQL connection id is 9
Server version: 9.3.0 MySQL Community Server - GPL

Copyright (c) 2000, 2025, Oracle and/or its affiliates.

Oracle is a registered trademark of Oracle Corporation and/or its
affiliates. Other names may be trademarks of their respective
owners.

Type 'help;' or '\h' for help. Type '\c' to clear the current input statement.

mysql> use mydb;
Reading table information for completion of table and column names
You can turn off this feature to get a quicker startup with -A

Database changed
mysql> select * from info;
+--------+
| name   |
+--------+
| chow3  |
| sakthi |
+--------+
2 rows in set (0.001 sec)

mysql> 